Archive member included because of file (symbol)

libgcc/libgcc.a(_udivsi3.o)   build/malloc.o (__aeabi_uidiv)
libgcc/libgcc.a(_divsi3.o)    build/init.o (__aeabi_idiv)
libgcc/libgcc.a(_dvmd_tls.o)  libgcc/libgcc.a(_udivsi3.o) (__aeabi_idiv0)
libgcc/libgcc.a(_aeabi_uldivmod.o)
                              build/stdio.o (__aeabi_uldivmod)
libgcc/libgcc.a(bpabi.o)      libgcc/libgcc.a(_aeabi_uldivmod.o) (__gnu_uldivmod_helper)
libgcc/libgcc.a(_divdi3.o)    libgcc/libgcc.a(bpabi.o) (__divdi3)
libgcc/libgcc.a(_udivdi3.o)   libgcc/libgcc.a(bpabi.o) (__udivdi3)
libgcc/libgcc.a(unwind-arm.o)
                              libgcc/libgcc.a(_divdi3.o) (__aeabi_unwind_cpp_pr0)
libgcc/libgcc.a(libunwind.o)  libgcc/libgcc.a(unwind-arm.o) (restore_core_regs)
libgcc/libgcc.a(pr-support.o)
                              libgcc/libgcc.a(unwind-arm.o) (__gnu_unwind_execute)
libgcc/libgcc.a(_clzsi2.o)    libgcc/libgcc.a(_divdi3.o) (__clzsi2)

Discarded input sections

 .ARM.attributes
                0x0000000000000000       0x14 build/contextSwitch.o
 .ARM.attributes
                0x0000000000000000       0x14 build/drawing.o
 .ARM.attributes
                0x0000000000000000       0x14 build/frameBufferInfo.o
 .ARM.attributes
                0x0000000000000000       0x14 build/gpioFunction.o
 .ARM.attributes
                0x0000000000000000       0x14 build/interruptsHandlers.o
 .ARM.attributes
                0x0000000000000000       0x14 build/mailbox.o
 .ARM.attributes
                0x0000000000000000       0x14 build/memoryCopy.o
 .ARM.attributes
                0x0000000000000000       0x14 build/start.o
 .comment       0x0000000000000000       0x12 build/bitmap.o
 .ARM.attributes
                0x0000000000000000       0x38 build/bitmap.o
 .comment       0x0000000000000000       0x12 build/console.o
 .ARM.attributes
                0x0000000000000000       0x38 build/console.o
 .comment       0x0000000000000000       0x12 build/debug.o
 .ARM.attributes
                0x0000000000000000       0x38 build/debug.o
 .comment       0x0000000000000000       0x12 build/framebuffer.o
 .ARM.attributes
                0x0000000000000000       0x38 build/framebuffer.o
 .comment       0x0000000000000000       0x12 build/gpio.o
 .ARM.attributes
                0x0000000000000000       0x38 build/gpio.o
 .comment       0x0000000000000000       0x12 build/hash.o
 .ARM.attributes
                0x0000000000000000       0x38 build/hash.o
 .comment       0x0000000000000000       0x12 build/init.o
 .ARM.attributes
                0x0000000000000000       0x38 build/init.o
 .comment       0x0000000000000000       0x12 build/list.o
 .ARM.attributes
                0x0000000000000000       0x38 build/list.o
 .comment       0x0000000000000000       0x12 build/interrupt.o
 .ARM.attributes
                0x0000000000000000       0x38 build/interrupt.o
 .comment       0x0000000000000000       0x12 build/malloc.o
 .ARM.attributes
                0x0000000000000000       0x38 build/malloc.o
 .comment       0x0000000000000000       0x12 build/palloc.o
 .ARM.attributes
                0x0000000000000000       0x38 build/palloc.o
 .comment       0x0000000000000000       0x12 build/random.o
 .ARM.attributes
                0x0000000000000000       0x38 build/random.o
 .comment       0x0000000000000000       0x12 build/serial.o
 .ARM.attributes
                0x0000000000000000       0x38 build/serial.o
 .comment       0x0000000000000000       0x12 build/stdio.o
 .ARM.attributes
                0x0000000000000000       0x38 build/stdio.o
 .comment       0x0000000000000000       0x12 build/stdlib.o
 .ARM.attributes
                0x0000000000000000       0x38 build/stdlib.o
 .comment       0x0000000000000000       0x12 build/string.o
 .ARM.attributes
                0x0000000000000000       0x38 build/string.o
 .comment       0x0000000000000000       0x12 build/synch.o
 .ARM.attributes
                0x0000000000000000       0x38 build/synch.o
 .comment       0x0000000000000000       0x12 build/timer.o
 .ARM.attributes
                0x0000000000000000       0x38 build/timer.o
 .comment       0x0000000000000000       0x12 build/thread.o
 .ARM.attributes
                0x0000000000000000       0x38 build/thread.o
 .comment       0x0000000000000000       0x12 build/video.o
 .ARM.attributes
                0x0000000000000000       0x38 build/video.o
 .debug_frame   0x0000000000000000       0x20 libgcc/libgcc.a(_udivsi3.o)
 .ARM.attributes
                0x0000000000000000       0x18 libgcc/libgcc.a(_udivsi3.o)
 .debug_line    0x0000000000000000       0x8a libgcc/libgcc.a(_udivsi3.o)
 .debug_info    0x0000000000000000       0x99 libgcc/libgcc.a(_udivsi3.o)
 .debug_abbrev  0x0000000000000000       0x14 libgcc/libgcc.a(_udivsi3.o)
 .debug_aranges
                0x0000000000000000       0x20 libgcc/libgcc.a(_udivsi3.o)
 .debug_frame   0x0000000000000000       0x20 libgcc/libgcc.a(_divsi3.o)
 .ARM.attributes
                0x0000000000000000       0x18 libgcc/libgcc.a(_divsi3.o)
 .debug_line    0x0000000000000000       0x96 libgcc/libgcc.a(_divsi3.o)
 .debug_info    0x0000000000000000       0x99 libgcc/libgcc.a(_divsi3.o)
 .debug_abbrev  0x0000000000000000       0x14 libgcc/libgcc.a(_divsi3.o)
 .debug_aranges
                0x0000000000000000       0x20 libgcc/libgcc.a(_divsi3.o)
 .ARM.attributes
                0x0000000000000000       0x18 libgcc/libgcc.a(_dvmd_tls.o)
 .debug_line    0x0000000000000000       0x61 libgcc/libgcc.a(_dvmd_tls.o)
 .debug_info    0x0000000000000000       0x99 libgcc/libgcc.a(_dvmd_tls.o)
 .debug_abbrev  0x0000000000000000       0x14 libgcc/libgcc.a(_dvmd_tls.o)
 .debug_aranges
                0x0000000000000000       0x20 libgcc/libgcc.a(_dvmd_tls.o)
 .ARM.attributes
                0x0000000000000000       0x18 libgcc/libgcc.a(_aeabi_uldivmod.o)
 .debug_line    0x0000000000000000       0x66 libgcc/libgcc.a(_aeabi_uldivmod.o)
 .debug_info    0x0000000000000000       0x95 libgcc/libgcc.a(_aeabi_uldivmod.o)
 .debug_abbrev  0x0000000000000000       0x14 libgcc/libgcc.a(_aeabi_uldivmod.o)
 .debug_aranges
                0x0000000000000000       0x20 libgcc/libgcc.a(_aeabi_uldivmod.o)
 .debug_info    0x0000000000000000      0x174 libgcc/libgcc.a(bpabi.o)
 .debug_abbrev  0x0000000000000000       0xb7 libgcc/libgcc.a(bpabi.o)
 .debug_loc     0x0000000000000000       0xe0 libgcc/libgcc.a(bpabi.o)
 .debug_aranges
                0x0000000000000000       0x20 libgcc/libgcc.a(bpabi.o)
 .debug_line    0x0000000000000000       0x67 libgcc/libgcc.a(bpabi.o)
 .debug_str     0x0000000000000000       0xef libgcc/libgcc.a(bpabi.o)
 .comment       0x0000000000000000       0x12 libgcc/libgcc.a(bpabi.o)
 .ARM.attributes
                0x0000000000000000       0x30 libgcc/libgcc.a(bpabi.o)
 .debug_frame   0x0000000000000000       0x54 libgcc/libgcc.a(bpabi.o)
 .debug_info    0x0000000000000000      0x5ec libgcc/libgcc.a(_divdi3.o)
 .debug_abbrev  0x0000000000000000      0x165 libgcc/libgcc.a(_divdi3.o)
 .debug_loc     0x0000000000000000      0xb77 libgcc/libgcc.a(_divdi3.o)
 .debug_aranges
                0x0000000000000000       0x20 libgcc/libgcc.a(_divdi3.o)
 .debug_ranges  0x0000000000000000       0xc8 libgcc/libgcc.a(_divdi3.o)
 .debug_line    0x0000000000000000       0xdb libgcc/libgcc.a(_divdi3.o)
 .debug_str     0x0000000000000000      0x1a3 libgcc/libgcc.a(_divdi3.o)
 .comment       0x0000000000000000       0x12 libgcc/libgcc.a(_divdi3.o)
 .ARM.attributes
                0x0000000000000000       0x30 libgcc/libgcc.a(_divdi3.o)
 .debug_frame   0x0000000000000000       0x38 libgcc/libgcc.a(_divdi3.o)
 .debug_info    0x0000000000000000      0x5ab libgcc/libgcc.a(_udivdi3.o)
 .debug_abbrev  0x0000000000000000      0x154 libgcc/libgcc.a(_udivdi3.o)
 .debug_loc     0x0000000000000000      0xc8c libgcc/libgcc.a(_udivdi3.o)
 .debug_aranges
                0x0000000000000000       0x20 libgcc/libgcc.a(_udivdi3.o)
 .debug_ranges  0x0000000000000000       0xd8 libgcc/libgcc.a(_udivdi3.o)
 .debug_line    0x0000000000000000       0xce libgcc/libgcc.a(_udivdi3.o)
 .debug_str     0x0000000000000000      0x1a4 libgcc/libgcc.a(_udivdi3.o)
 .comment       0x0000000000000000       0x12 libgcc/libgcc.a(_udivdi3.o)
 .ARM.attributes
                0x0000000000000000       0x30 libgcc/libgcc.a(_udivdi3.o)
 .debug_frame   0x0000000000000000       0x38 libgcc/libgcc.a(_udivdi3.o)
 .debug_info    0x0000000000000000     0x1d4d libgcc/libgcc.a(unwind-arm.o)
 .debug_abbrev  0x0000000000000000      0x48f libgcc/libgcc.a(unwind-arm.o)
 .debug_loc     0x0000000000000000     0x18d0 libgcc/libgcc.a(unwind-arm.o)
 .debug_aranges
                0x0000000000000000       0x20 libgcc/libgcc.a(unwind-arm.o)
 .debug_ranges  0x0000000000000000      0x138 libgcc/libgcc.a(unwind-arm.o)
 .debug_line    0x0000000000000000      0x538 libgcc/libgcc.a(unwind-arm.o)
 .debug_str     0x0000000000000000      0xb7f libgcc/libgcc.a(unwind-arm.o)
 .comment       0x0000000000000000       0x12 libgcc/libgcc.a(unwind-arm.o)
 .ARM.attributes
                0x0000000000000000       0x30 libgcc/libgcc.a(unwind-arm.o)
 .debug_frame   0x0000000000000000      0x290 libgcc/libgcc.a(unwind-arm.o)
 .ARM.attributes
                0x0000000000000000       0x1c libgcc/libgcc.a(libunwind.o)
 .debug_line    0x0000000000000000       0xaf libgcc/libgcc.a(libunwind.o)
 .debug_info    0x0000000000000000       0x99 libgcc/libgcc.a(libunwind.o)
 .debug_abbrev  0x0000000000000000       0x14 libgcc/libgcc.a(libunwind.o)
 .debug_aranges
                0x0000000000000000       0x20 libgcc/libgcc.a(libunwind.o)
 .debug_info    0x0000000000000000      0xa5b libgcc/libgcc.a(pr-support.o)
 .debug_abbrev  0x0000000000000000      0x26c libgcc/libgcc.a(pr-support.o)
 .debug_loc     0x0000000000000000      0x652 libgcc/libgcc.a(pr-support.o)
 .debug_aranges
                0x0000000000000000       0x20 libgcc/libgcc.a(pr-support.o)
 .debug_ranges  0x0000000000000000       0x48 libgcc/libgcc.a(pr-support.o)
 .debug_line    0x0000000000000000      0x1c4 libgcc/libgcc.a(pr-support.o)
 .debug_str     0x0000000000000000      0x4de libgcc/libgcc.a(pr-support.o)
 .comment       0x0000000000000000       0x12 libgcc/libgcc.a(pr-support.o)
 .ARM.attributes
                0x0000000000000000       0x30 libgcc/libgcc.a(pr-support.o)
 .debug_frame   0x0000000000000000       0xe4 libgcc/libgcc.a(pr-support.o)
 .ARM.attributes
                0x0000000000000000       0x18 libgcc/libgcc.a(_clzsi2.o)
 .debug_line    0x0000000000000000       0x6e libgcc/libgcc.a(_clzsi2.o)
 .debug_info    0x0000000000000000       0x99 libgcc/libgcc.a(_clzsi2.o)
 .debug_abbrev  0x0000000000000000       0x14 libgcc/libgcc.a(_clzsi2.o)
 .debug_aranges
                0x0000000000000000       0x20 libgcc/libgcc.a(_clzsi2.o)

Memory Configuration

Name             Origin             Length             Attributes
*default*        0x0000000000000000 0xffffffffffffffff

Linker script and memory map

LOAD build/contextSwitch.o
LOAD build/drawing.o
LOAD build/frameBufferInfo.o
LOAD build/gpioFunction.o
LOAD build/interruptsHandlers.o
LOAD build/mailbox.o
LOAD build/memoryCopy.o
LOAD build/start.o
LOAD build/bitmap.o
LOAD build/console.o
LOAD build/debug.o
LOAD build/framebuffer.o
LOAD build/gpio.o
LOAD build/hash.o
LOAD build/init.o
LOAD build/list.o
LOAD build/interrupt.o
LOAD build/malloc.o
LOAD build/palloc.o
LOAD build/random.o
LOAD build/serial.o
LOAD build/stdio.o
LOAD build/stdlib.o
LOAD build/string.o
LOAD build/synch.o
LOAD build/timer.o
LOAD build/thread.o
LOAD build/video.o

.init           0x0000000000008000       0x80
 *(.init)
 .init          0x0000000000008000       0x80 build/start.o
                0x0000000000008000                _start

.text           0x0000000000008080     0xdb44
 *(.text)
 .text          0x0000000000008080       0xd4 build/contextSwitch.o
                0x0000000000008080                save_context
                0x00000000000080dc                save_and_switch_context
 .text          0x0000000000008154      0x178 build/drawing.o
                0x0000000000008154                SetForeColour
                0x000000000000816c                GetForeColour
                0x0000000000008178                SetGraphicsAddress
                0x0000000000008184                GetGraphicsAddress
                0x0000000000008190                DrawPixel
                0x00000000000081d8                DrawLine
                0x0000000000008254                DrawCharacter
 .text          0x00000000000082cc       0x60 build/frameBufferInfo.o
                0x00000000000082cc                InitialiseFrameBuffer
 .text          0x000000000000832c       0x98 build/gpioFunction.o
                0x000000000000832c                GetGpioAddress
                0x0000000000008334                SetGpioFunction
                0x0000000000008384                SetGpio
 .text          0x00000000000083c4      0x108 build/interruptsHandlers.o
                0x00000000000083c4                print_executing_interrupt
                0x00000000000083d4                generate_swi_interrupt
                0x00000000000083e0                swi_handler_int
                0x0000000000008418                irq_handler_int
                0x0000000000008478                get_cpsr_value
                0x0000000000008480                enable_irq_interruptions
                0x0000000000008490                disable_irq_interruptions
                0x00000000000084a0                enable_fiq_interruptions
                0x00000000000084b0                disable_fiq_interruptions
                0x00000000000084c0                get_current_sp
 .text          0x00000000000084cc       0x6c build/mailbox.o
                0x00000000000084cc                GetMailboxBase
                0x00000000000084d4                MailboxRead
                0x0000000000008508                MailboxWrite
 .text          0x0000000000008538       0x70 build/memoryCopy.o
                0x0000000000008538                memory_fastest_copy
                0x0000000000008588                memory_fast_copy
 .text          0x00000000000085a8        0x0 build/start.o
 .text          0x00000000000085a8      0x9e4 build/bitmap.o
                0x0000000000008658                bitmap_create
                0x00000000000086fc                bitmap_create_in_buf
                0x000000000000878c                bitmap_buf_size
                0x00000000000087b8                bitmap_destroy
                0x00000000000087f4                bitmap_size
                0x000000000000881c                bitmap_set
                0x00000000000088bc                bitmap_test
                0x0000000000008970                bitmap_set_all
                0x00000000000089d8                bitmap_set_multiple
                0x0000000000008ac8                bitmap_mark
                0x0000000000008b34                bitmap_reset
                0x0000000000008ba4                bitmap_contains
                0x0000000000008cac                bitmap_any
                0x0000000000008ce8                bitmap_none
                0x0000000000008d44                bitmap_all
                0x0000000000008da0                bitmap_scan
                0x0000000000008ec0                bitmap_scan_and_flip
                0x0000000000008f44                bitmap_dump
 .text          0x0000000000008f8c      0x3dc build/console.o
                0x0000000000008f8c                console_init
                0x0000000000008fb4                console_panic
                0x0000000000008fd8                console_print_stats
                0x0000000000009148                vprintf
                0x0000000000009194                puts
                0x00000000000091f4                putbuf
                0x0000000000009260                putchar
 .text          0x0000000000009368      0x128 build/debug.o
                0x0000000000009368                debug_panic
                0x00000000000093ec                debug_print_bits_int
                0x0000000000009468                abort
 .text          0x0000000000009490       0x58 build/framebuffer.o
                0x0000000000009490                framebuffer_init
 .text          0x00000000000094e8       0x50 build/gpio.o
                0x00000000000094e8                gpio_enable_function
                0x0000000000009510                gpio_set_register
 .text          0x0000000000009538      0xc50 build/hash.o
                0x0000000000009538                hash_init
                0x00000000000095e8                hash_clear
                0x00000000000096bc                hash_destroy
                0x0000000000009700                hash_insert
                0x000000000000976c                hash_replace
                0x00000000000097e4                hash_find
                0x0000000000009828                hash_delete
                0x0000000000009890                hash_apply
                0x000000000000997c                hash_first
                0x0000000000009a28                hash_next
                0x0000000000009b44                hash_cur
                0x0000000000009b6c                hash_size
                0x0000000000009b94                hash_empty
                0x0000000000009bcc                hash_bytes
                0x0000000000009c88                hash_string
                0x0000000000009d28                hash_int
 .text          0x000000000000a188      0x79c build/init.o
                0x000000000000a188                init
 .text          0x000000000000a924     0x128c build/list.o
                0x000000000000aa44                list_init
                0x000000000000aabc                list_begin
                0x000000000000ab0c                list_next
                0x000000000000ab78                list_end
                0x000000000000abc8                list_rbegin
                0x000000000000ac18                list_prev
                0x000000000000ac84                list_rend
                0x000000000000acd0                list_head
                0x000000000000ad1c                list_tail
                0x000000000000ad6c                list_insert
                0x000000000000ae28                list_splice
                0x000000000000af64                list_push_front
                0x000000000000af98                list_push_back
                0x000000000000afcc                list_remove
                0x000000000000b04c                list_pop_front
                0x000000000000b080                list_pop_back
                0x000000000000b0b4                list_front
                0x000000000000b114                list_back
                0x000000000000b178                list_size
                0x000000000000b1e0                list_empty
                0x000000000000b26c                list_reverse
                0x000000000000b680                list_sort
                0x000000000000b814                list_insert_ordered
                0x000000000000b91c                list_unique
                0x000000000000ba60                list_max
                0x000000000000bb08                list_min
 .text          0x000000000000bbb0      0x950 build/interrupt.o
                0x000000000000bbb0                interrupts_init
                0x000000000000bc58                interrupts_register_irq
                0x000000000000bcd8                interrupts_register_swi
                0x000000000000bd18                interrupts_get_irq_name
                0x000000000000bd70                interrupts_get_swi_name
                0x000000000000bd94                interrupts_get_level
                0x000000000000bdcc                interrupts_set_level
                0x000000000000be0c                interrupts_enable
                0x000000000000be38                interrupts_disable
                0x000000000000be64                interrupts_print_status
                0x000000000000bf00                interrupts_context
                0x000000000000bf24                interrupts_was_irq_generated
                0x000000000000bf48                interrupts_yield_on_return
                0x000000000000bf6c                interrupts_dispatch_irq
                0x000000000000c1c0                interrupts_dispatch_swi
                0x000000000000c1ec                interrupts_debug
 .text          0x000000000000c500      0x8b8 build/malloc.o
                0x000000000000c558                malloc_init
                0x000000000000c664                malloc
                0x000000000000c8c8                calloc
                0x000000000000c9c0                realloc
                0x000000000000ca60                free
 .text          0x000000000000cdb8      0x57c build/palloc.o
                0x000000000000ce0c                palloc_init
                0x000000000000cee0                palloc_get_multiple
                0x000000000000d014                palloc_get_page
                0x000000000000d048                palloc_free_multiple
                0x000000000000d1b4                palloc_free_page
 .text          0x000000000000d334      0x2cc build/random.o
                0x000000000000d37c                random_init
                0x000000000000d498                random_bytes
                0x000000000000d5d4                random_ulong
 .text          0x000000000000d600       0x5c build/serial.o
                0x000000000000d600                serial_init_queue
                0x000000000000d614                serial_putc
                0x000000000000d634                serial_flush
                0x000000000000d648                serial_notify
 .text          0x000000000000d65c     0x17b8 build/stdio.o
                0x000000000000d6e4                vsnprintf
                0x000000000000d7ec                snprintf
                0x000000000000d83c                printf
                0x000000000000d87c                __vprintf
                0x000000000000ea60                __printf
                0x000000000000eaa4                hex_dump
                0x000000000000ed5c                print_human_readable_size
 .text          0x000000000000ee14      0x768 build/stdlib.o
                0x000000000000eecc                atoi
                0x000000000000f058                qsort
                0x000000000000f2e8                sort
                0x000000000000f434                bsearch
                0x000000000000f488                binary_search
 .text          0x000000000000f57c      0xd9c build/string.o
                0x000000000000f57c                memcpy
                0x000000000000f670                memmove
                0x000000000000f7e8                memcmp
                0x000000000000f90c                strcmp
                0x000000000000fa10                memchr
                0x000000000000fad8                strchr
                0x000000000000fb70                strcspn
                0x000000000000fbf4                strpbrk
                0x000000000000fc60                strrchr
                0x000000000000fcd4                strspn
                0x000000000000fd58                strstr
                0x000000000000fe0c                strtok_r
                0x000000000000ff84                memset
                0x000000000001003c                strlen
                0x00000000000100bc                strnlen
                0x0000000000010124                strlcpy
                0x00000000000101fc                strlcat
 .text          0x0000000000010318      0x954 build/synch.o
                0x0000000000010318                sema_init
                0x000000000001037c                sema_down
                0x0000000000010450                sema_try_down
                0x00000000000104ec                sema_up
                0x00000000000105a4                sema_self_test
                0x0000000000010694                lock_init
                0x00000000000106f8                lock_acquire
                0x00000000000107b8                lock_try_acquire
                0x0000000000010868                lock_release
                0x00000000000108f0                lock_held_by_current_thread
                0x0000000000010958                cond_init
                0x00000000000109ac                cond_wait
                0x0000000000010abc                cond_signal
                0x0000000000010bc8                cond_broadcast
 .text          0x0000000000010c6c      0x1f4 build/timer.o
                0x0000000000010c6c                timer_init
                0x0000000000010cac                timer_get_timestamp
                0x0000000000010cd4                timer_msleep
 .text          0x0000000000010e60     0x1220 build/thread.o
                0x0000000000010e8c                thread_init
                0x0000000000011114                thread_start
                0x0000000000011164                thread_tick
                0x000000000001121c                thread_print_stats
                0x0000000000011268                thread_create
                0x0000000000011420                thread_block
                0x00000000000114a4                thread_unblock
                0x0000000000011554                thread_name
                0x0000000000011570                thread_current
                0x00000000000115f4                thread_tid
                0x0000000000011610                thread_exit
                0x00000000000116e0                thread_yield
                0x0000000000011ab4                thread_schedule_tail
                0x0000000000011bf8                thread_foreach
                0x0000000000011ca0                thread_set_priority
                0x0000000000011cc8                thread_get_priority
                0x0000000000011ce4                thread_set_nice
                0x0000000000011d00                thread_get_nice
                0x0000000000011d1c                thread_get_load_avg
                0x0000000000011d38                thread_get_recent_cpu
 .text          0x0000000000012080      0x9ac build/video.o
                0x0000000000012080                video_init
                0x00000000000120fc                video_clean
                0x00000000000121b0                video_putc
 .text          0x0000000000012a2c      0x114 libgcc/libgcc.a(_udivsi3.o)
                0x0000000000012a2c                __udivsi3
                0x0000000000012a2c                __aeabi_uidiv
                0x0000000000012b20                __aeabi_uidivmod
 .text          0x0000000000012b40      0x148 libgcc/libgcc.a(_divsi3.o)
                0x0000000000012b40                __aeabi_idiv
                0x0000000000012b40                __divsi3
                0x0000000000012c68                __aeabi_idivmod
 .text          0x0000000000012c88        0x4 libgcc/libgcc.a(_dvmd_tls.o)
                0x0000000000012c88                __aeabi_ldiv0
                0x0000000000012c88                __aeabi_idiv0
 .text          0x0000000000012c8c       0x3c libgcc/libgcc.a(_aeabi_uldivmod.o)
                0x0000000000012c8c                __aeabi_uldivmod
 .text          0x0000000000012cc8       0x84 libgcc/libgcc.a(bpabi.o)
                0x0000000000012cc8                __gnu_ldivmod_helper
                0x0000000000012d0c                __gnu_uldivmod_helper
 .text          0x0000000000012d4c      0x4f8 libgcc/libgcc.a(_divdi3.o)
                0x0000000000012d4c                __divdi3
 .text          0x0000000000013244      0x498 libgcc/libgcc.a(_udivdi3.o)
                0x0000000000013244                __udivdi3
 .text          0x00000000000136dc      0xfb0 libgcc/libgcc.a(unwind-arm.o)
                0x0000000000013b64                _Unwind_GetCFA
                0x0000000000013b6c                __gnu_Unwind_RaiseException
                0x0000000000013c18                __gnu_Unwind_ForcedUnwind
                0x0000000000013c3c                __gnu_Unwind_Resume
                0x0000000000013cb4                __gnu_Unwind_Resume_or_Rethrow
                0x0000000000013cd4                _Unwind_Complete
                0x0000000000013cd8                _Unwind_DeleteException
                0x0000000000013cfc                _Unwind_VRS_Get
                0x0000000000013d70                _Unwind_VRS_Set
                0x0000000000014214                __aeabi_unwind_cpp_pr2
                0x000000000001421c                __aeabi_unwind_cpp_pr1
                0x0000000000014224                __aeabi_unwind_cpp_pr0
                0x000000000001422c                __gnu_Unwind_Backtrace
                0x00000000000142f8                _Unwind_VRS_Pop
 .text          0x000000000001468c      0x1b0 libgcc/libgcc.a(libunwind.o)
                0x000000000001468c                __restore_core_regs
                0x000000000001468c                restore_core_regs
                0x00000000000146a8                __gnu_Unwind_Restore_VFP
                0x00000000000146b0                __gnu_Unwind_Save_VFP
                0x00000000000146b8                __gnu_Unwind_Restore_VFP_D
                0x00000000000146c0                __gnu_Unwind_Save_VFP_D
                0x00000000000146c8                __gnu_Unwind_Restore_VFP_D_16_to_31
                0x00000000000146d0                __gnu_Unwind_Save_VFP_D_16_to_31
                0x00000000000146d8                __gnu_Unwind_Restore_WMMXD
                0x000000000001471c                __gnu_Unwind_Save_WMMXD
                0x0000000000014760                __gnu_Unwind_Restore_WMMXC
                0x0000000000014774                __gnu_Unwind_Save_WMMXC
                0x0000000000014788                _Unwind_RaiseException
                0x0000000000014788                ___Unwind_RaiseException
                0x00000000000147ac                ___Unwind_Resume
                0x00000000000147ac                _Unwind_Resume
                0x00000000000147d0                ___Unwind_Resume_or_Rethrow
                0x00000000000147d0                _Unwind_Resume_or_Rethrow
                0x00000000000147f4                _Unwind_ForcedUnwind
                0x00000000000147f4                ___Unwind_ForcedUnwind
                0x0000000000014818                _Unwind_Backtrace
                0x0000000000014818                ___Unwind_Backtrace
 .text          0x000000000001483c      0x53c libgcc/libgcc.a(pr-support.o)
                0x00000000000148d0                __gnu_unwind_execute
                0x0000000000014cec                __gnu_unwind_frame
                0x0000000000014d34                _Unwind_GetRegionStart
                0x0000000000014d48                _Unwind_GetLanguageSpecificData
                0x0000000000014d68                _Unwind_GetDataRelBase
                0x0000000000014d70                _Unwind_GetTextRelBase
 .text          0x0000000000014d78       0x48 libgcc/libgcc.a(_clzsi2.o)
                0x0000000000014d78                __clzsi2
 *(.rodata)
 .rodata        0x0000000000014dc0       0x98 build/bitmap.o
 .rodata        0x0000000000014e58       0x64 build/console.o
 .rodata        0x0000000000014ebc       0x70 build/debug.o
 .rodata        0x0000000000014f2c       0x6c build/hash.o
 .rodata        0x0000000000014f98      0x1fc build/init.o
 .rodata        0x0000000000015194      0x11c build/list.o
 .rodata        0x00000000000152b0      0x194 build/interrupt.o
 .rodata        0x0000000000015444       0x78 build/malloc.o
 .rodata        0x00000000000154bc       0xf8 build/palloc.o
 .rodata        0x00000000000155b4      0x134 build/stdio.o
 .rodata        0x00000000000156e8       0x34 build/stdlib.o
 .rodata        0x000000000001571c       0x80 build/string.o
 .rodata        0x000000000001579c       0xf0 build/synch.o
 .rodata        0x000000000001588c       0x54 build/timer.o
 .rodata        0x00000000000158e0      0x2e4 build/thread.o

.data           0x0000000000016000     0x2060
 *(.data)
 .data          0x0000000000016000        0x0 build/contextSwitch.o
 .data          0x0000000000016000      0x810 build/drawing.o
 *fill*         0x0000000000016810      0x7f0 
 .data          0x0000000000017000     0x1000 build/frameBufferInfo.o
                0x0000000000017000                FrameBufferInfo
 .data          0x0000000000018000        0x0 build/gpioFunction.o
 .data          0x0000000000018000       0x40 build/interruptsHandlers.o
                0x0000000000018000                exec_int_msg
 .data          0x0000000000018040        0x0 build/mailbox.o
 .data          0x0000000000018040        0x0 build/memoryCopy.o
 .data          0x0000000000018040        0x0 build/start.o
 .data          0x0000000000018040        0x0 build/bitmap.o
 .data          0x0000000000018040        0x0 build/console.o
 .data          0x0000000000018040        0x0 build/debug.o
 .data          0x0000000000018040        0x0 build/framebuffer.o
 .data          0x0000000000018040        0x0 build/gpio.o
 .data          0x0000000000018040        0x0 build/hash.o
 .data          0x0000000000018040        0x4 build/init.o
 .data          0x0000000000018044        0x0 build/list.o
 .data          0x0000000000018044        0x0 build/interrupt.o
 .data          0x0000000000018044        0x0 build/malloc.o
 .data          0x0000000000018044        0x0 build/palloc.o
 .data          0x0000000000018044        0x0 build/random.o
 .data          0x0000000000018044        0x0 build/serial.o
 .data          0x0000000000018044       0x18 build/stdio.o
 .data          0x000000000001805c        0x0 build/stdlib.o
 .data          0x000000000001805c        0x0 build/string.o
 .data          0x000000000001805c        0x0 build/synch.o
 .data          0x000000000001805c        0x0 build/timer.o
 .data          0x000000000001805c        0x4 build/thread.o
 .data          0x0000000000018060        0x0 build/video.o
 .data          0x0000000000018060        0x0 libgcc/libgcc.a(_udivsi3.o)
 .data          0x0000000000018060        0x0 libgcc/libgcc.a(_divsi3.o)
 .data          0x0000000000018060        0x0 libgcc/libgcc.a(_dvmd_tls.o)
 .data          0x0000000000018060        0x0 libgcc/libgcc.a(_aeabi_uldivmod.o)
 .data          0x0000000000018060        0x0 libgcc/libgcc.a(bpabi.o)
 .data          0x0000000000018060        0x0 libgcc/libgcc.a(_divdi3.o)
 .data          0x0000000000018060        0x0 libgcc/libgcc.a(_udivdi3.o)
 .data          0x0000000000018060        0x0 libgcc/libgcc.a(unwind-arm.o)
 .data          0x0000000000018060        0x0 libgcc/libgcc.a(libunwind.o)
 .data          0x0000000000018060        0x0 libgcc/libgcc.a(pr-support.o)
 .data          0x0000000000018060        0x0 libgcc/libgcc.a(_clzsi2.o)

.bss            0x0000000000018060      0x5f8
 *(.bss)
 .bss           0x0000000000018060        0x0 build/contextSwitch.o
 .bss           0x0000000000018060        0x0 build/drawing.o
 .bss           0x0000000000018060        0x0 build/frameBufferInfo.o
 .bss           0x0000000000018060        0x0 build/gpioFunction.o
 .bss           0x0000000000018060        0x0 build/interruptsHandlers.o
 .bss           0x0000000000018060        0x0 build/mailbox.o
 .bss           0x0000000000018060        0x0 build/memoryCopy.o
 .bss           0x0000000000018060        0x0 build/start.o
 .bss           0x0000000000018060        0x0 build/bitmap.o
 .bss           0x0000000000018060       0x28 build/console.o
 .bss           0x0000000000018088        0x0 build/debug.o
 .bss           0x0000000000018088        0x0 build/framebuffer.o
 .bss           0x0000000000018088        0x0 build/gpio.o
 .bss           0x0000000000018088        0x0 build/hash.o
 .bss           0x0000000000018088       0x18 build/init.o
 .bss           0x00000000000180a0        0x0 build/list.o
 .bss           0x00000000000180a0      0x20c build/interrupt.o
 .bss           0x00000000000182ac      0x1e4 build/malloc.o
 .bss           0x0000000000018490       0x40 build/palloc.o
 .bss           0x00000000000184d0      0x104 build/random.o
 .bss           0x00000000000185d4        0x0 build/serial.o
 .bss           0x00000000000185d4        0x0 build/stdio.o
 .bss           0x00000000000185d4        0x0 build/stdlib.o
 .bss           0x00000000000185d4        0x0 build/string.o
 .bss           0x00000000000185d4        0x0 build/synch.o
 .bss           0x00000000000185d4        0x0 build/timer.o
 *fill*         0x00000000000185d4        0x4 
 .bss           0x00000000000185d8       0x60 build/thread.o
 .bss           0x0000000000018638       0x20 build/video.o
 .bss           0x0000000000018658        0x0 libgcc/libgcc.a(_udivsi3.o)
 .bss           0x0000000000018658        0x0 libgcc/libgcc.a(_divsi3.o)
 .bss           0x0000000000018658        0x0 libgcc/libgcc.a(_dvmd_tls.o)
 .bss           0x0000000000018658        0x0 libgcc/libgcc.a(_aeabi_uldivmod.o)
 .bss           0x0000000000018658        0x0 libgcc/libgcc.a(bpabi.o)
 .bss           0x0000000000018658        0x0 libgcc/libgcc.a(_divdi3.o)
 .bss           0x0000000000018658        0x0 libgcc/libgcc.a(_udivdi3.o)
 .bss           0x0000000000018658        0x0 libgcc/libgcc.a(unwind-arm.o)
 .bss           0x0000000000018658        0x0 libgcc/libgcc.a(libunwind.o)
 .bss           0x0000000000018658        0x0 libgcc/libgcc.a(pr-support.o)
 .bss           0x0000000000018658        0x0 libgcc/libgcc.a(_clzsi2.o)

.ARM.extab      0x0000000000018658       0x30
 *(.ARM.extab* .gnu.linkonce.armextab.*)
 .ARM.extab     0x0000000000018658        0x0 libgcc/libgcc.a(_divdi3.o)
 .ARM.extab     0x0000000000018658        0x0 libgcc/libgcc.a(_udivdi3.o)
 .ARM.extab     0x0000000000018658       0x18 libgcc/libgcc.a(unwind-arm.o)
 .ARM.extab     0x0000000000018670       0x18 libgcc/libgcc.a(pr-support.o)
                0x0000000000018688                __exidx_start = .

.ARM.exidx      0x0000000000018688       0xd0
 *(.ARM.exidx* .gnu.linkonce.armexidx.*)
 .ARM.exidx     0x0000000000018688        0x8 libgcc/libgcc.a(_divdi3.o)
 .ARM.exidx     0x0000000000018690        0x0 libgcc/libgcc.a(_udivdi3.o)
                                          0x8 (size before relaxing)
 .ARM.exidx     0x0000000000018690       0x90 libgcc/libgcc.a(unwind-arm.o)
                                         0xd8 (size before relaxing)
 .ARM.exidx     0x0000000000018720       0x38 libgcc/libgcc.a(pr-support.o)
                                         0x48 (size before relaxing)
                0x0000000000018758                __exidx_end = .

/DISCARD/
 *(*)
LOAD libgcc/libgcc.a
OUTPUT(build/output.elf elf32-littlearm)
